<?xml version="1.0" encoding="utf-8"?><testsuites><testsuite name="pytest" errors="0" failures="0" skipped="0" tests="1" time="0.130" timestamp="2022-11-30T14:32:53.382732" hostname="Enver-Yasar---AMS---MBP"><testcase classname="test_sample" name="test_movie" time="0.084" /></testsuite></testsuites>